------------------------------------------------------------
TimeQuest Timing Analyzer Summary
------------------------------------------------------------

Type  : Slow 1200mV 85C Model Setup 'final_project_fpga:final_project_fpga|xclk'
Slack : -0.915
TNS   : -8.355

Type  : Slow 1200mV 85C Model Setup 'clk'
Slack : 24.026
TNS   : 0.000

Type  : Slow 1200mV 85C Model Setup 'vgapll|altpll_component|auto_generated|pll1|clk[0]'
Slack : 34.728
TNS   : 0.000

Type  : Slow 1200mV 85C Model Hold 'clk'
Slack : 0.464
TNS   : 0.000

Type  : Slow 1200mV 85C Model Hold 'final_project_fpga:final_project_fpga|xclk'
Slack : 0.465
TNS   : 0.000

Type  : Slow 1200mV 85C Model Hold 'vgapll|altpll_component|auto_generated|pll1|clk[0]'
Slack : 0.508
TNS   : 0.000

Type  : Slow 1200mV 85C Model Minimum Pulse Width 'final_project_fpga:final_project_fpga|xclk'
Slack : -1.487
TNS   : -31.227

Type  : Slow 1200mV 85C Model Minimum Pulse Width 'clk'
Slack : 12.291
TNS   : 0.000

Type  : Slow 1200mV 85C Model Minimum Pulse Width 'vgapll|altpll_component|auto_generated|pll1|clk[0]'
Slack : 19.574
TNS   : 0.000

Type  : Slow 1200mV 0C Model Setup 'final_project_fpga:final_project_fpga|xclk'
Slack : -0.762
TNS   : -6.810

Type  : Slow 1200mV 0C Model Setup 'clk'
Slack : 24.115
TNS   : 0.000

Type  : Slow 1200mV 0C Model Setup 'vgapll|altpll_component|auto_generated|pll1|clk[0]'
Slack : 35.043
TNS   : 0.000

Type  : Slow 1200mV 0C Model Hold 'clk'
Slack : 0.415
TNS   : 0.000

Type  : Slow 1200mV 0C Model Hold 'final_project_fpga:final_project_fpga|xclk'
Slack : 0.418
TNS   : 0.000

Type  : Slow 1200mV 0C Model Hold 'vgapll|altpll_component|auto_generated|pll1|clk[0]'
Slack : 0.474
TNS   : 0.000

Type  : Slow 1200mV 0C Model Minimum Pulse Width 'final_project_fpga:final_project_fpga|xclk'
Slack : -1.487
TNS   : -31.227

Type  : Slow 1200mV 0C Model Minimum Pulse Width 'clk'
Slack : 12.298
TNS   : 0.000

Type  : Slow 1200mV 0C Model Minimum Pulse Width 'vgapll|altpll_component|auto_generated|pll1|clk[0]'
Slack : 19.572
TNS   : 0.000

Type  : Fast 1200mV 0C Model Setup 'final_project_fpga:final_project_fpga|xclk'
Slack : 0.192
TNS   : 0.000

Type  : Fast 1200mV 0C Model Setup 'clk'
Slack : 24.583
TNS   : 0.000

Type  : Fast 1200mV 0C Model Setup 'vgapll|altpll_component|auto_generated|pll1|clk[0]'
Slack : 37.570
TNS   : 0.000

Type  : Fast 1200mV 0C Model Hold 'clk'
Slack : 0.193
TNS   : 0.000

Type  : Fast 1200mV 0C Model Hold 'final_project_fpga:final_project_fpga|xclk'
Slack : 0.194
TNS   : 0.000

Type  : Fast 1200mV 0C Model Hold 'vgapll|altpll_component|auto_generated|pll1|clk[0]'
Slack : 0.206
TNS   : 0.000

Type  : Fast 1200mV 0C Model Minimum Pulse Width 'final_project_fpga:final_project_fpga|xclk'
Slack : -1.000
TNS   : -21.000

Type  : Fast 1200mV 0C Model Minimum Pulse Width 'clk'
Slack : 11.938
TNS   : 0.000

Type  : Fast 1200mV 0C Model Minimum Pulse Width 'vgapll|altpll_component|auto_generated|pll1|clk[0]'
Slack : 19.649
TNS   : 0.000

------------------------------------------------------------
