------------------------------------------------------------
TimeQuest Timing Analyzer Summary
------------------------------------------------------------

Type  : Slow 1200mV 85C Model Setup 'final_project_fpga:final_project_fpga|xclk'
Slack : -0.916
TNS   : -7.493

Type  : Slow 1200mV 85C Model Setup 'clk'
Slack : 23.890
TNS   : 0.000

Type  : Slow 1200mV 85C Model Setup 'vgapll|altpll_component|auto_generated|pll1|clk[0]'
Slack : 35.792
TNS   : 0.000

Type  : Slow 1200mV 85C Model Hold 'clk'
Slack : 0.465
TNS   : 0.000

Type  : Slow 1200mV 85C Model Hold 'final_project_fpga:final_project_fpga|xclk'
Slack : 0.465
TNS   : 0.000

Type  : Slow 1200mV 85C Model Hold 'vgapll|altpll_component|auto_generated|pll1|clk[0]'
Slack : 0.510
TNS   : 0.000

Type  : Slow 1200mV 85C Model Minimum Pulse Width 'final_project_fpga:final_project_fpga|xclk'
Slack : -1.487
TNS   : -31.227

Type  : Slow 1200mV 85C Model Minimum Pulse Width 'clk'
Slack : 12.291
TNS   : 0.000

Type  : Slow 1200mV 85C Model Minimum Pulse Width 'vgapll|altpll_component|auto_generated|pll1|clk[0]'
Slack : 19.572
TNS   : 0.000

Type  : Slow 1200mV 0C Model Setup 'final_project_fpga:final_project_fpga|xclk'
Slack : -0.765
TNS   : -6.220

Type  : Slow 1200mV 0C Model Setup 'clk'
Slack : 23.989
TNS   : 0.000

Type  : Slow 1200mV 0C Model Setup 'vgapll|altpll_component|auto_generated|pll1|clk[0]'
Slack : 36.056
TNS   : 0.000

Type  : Slow 1200mV 0C Model Hold 'clk'
Slack : 0.417
TNS   : 0.000

Type  : Slow 1200mV 0C Model Hold 'final_project_fpga:final_project_fpga|xclk'
Slack : 0.417
TNS   : 0.000

Type  : Slow 1200mV 0C Model Hold 'vgapll|altpll_component|auto_generated|pll1|clk[0]'
Slack : 0.470
TNS   : 0.000

Type  : Slow 1200mV 0C Model Minimum Pulse Width 'final_project_fpga:final_project_fpga|xclk'
Slack : -1.487
TNS   : -31.227

Type  : Slow 1200mV 0C Model Minimum Pulse Width 'clk'
Slack : 12.297
TNS   : 0.000

Type  : Slow 1200mV 0C Model Minimum Pulse Width 'vgapll|altpll_component|auto_generated|pll1|clk[0]'
Slack : 19.570
TNS   : 0.000

Type  : Fast 1200mV 0C Model Setup 'final_project_fpga:final_project_fpga|xclk'
Slack : 0.193
TNS   : 0.000

Type  : Fast 1200mV 0C Model Setup 'clk'
Slack : 24.531
TNS   : 0.000

Type  : Fast 1200mV 0C Model Setup 'vgapll|altpll_component|auto_generated|pll1|clk[0]'
Slack : 38.040
TNS   : 0.000

Type  : Fast 1200mV 0C Model Hold 'final_project_fpga:final_project_fpga|xclk'
Slack : 0.193
TNS   : 0.000

Type  : Fast 1200mV 0C Model Hold 'clk'
Slack : 0.194
TNS   : 0.000

Type  : Fast 1200mV 0C Model Hold 'vgapll|altpll_component|auto_generated|pll1|clk[0]'
Slack : 0.205
TNS   : 0.000

Type  : Fast 1200mV 0C Model Minimum Pulse Width 'final_project_fpga:final_project_fpga|xclk'
Slack : -1.000
TNS   : -21.000

Type  : Fast 1200mV 0C Model Minimum Pulse Width 'clk'
Slack : 11.938
TNS   : 0.000

Type  : Fast 1200mV 0C Model Minimum Pulse Width 'vgapll|altpll_component|auto_generated|pll1|clk[0]'
Slack : 19.649
TNS   : 0.000

------------------------------------------------------------
