------------------------------------------------------------
TimeQuest Timing Analyzer Summary
------------------------------------------------------------

Type  : Slow 1200mV 85C Model Setup 'final_project_fpga:final_project_fpga|xclk'
Slack : -4.428
TNS   : -317.505

Type  : Slow 1200mV 85C Model Setup 'final_project_fpga:final_project_fpga|dataclk'
Slack : -1.514
TNS   : -26.208

Type  : Slow 1200mV 85C Model Setup 'clk'
Slack : 24.024
TNS   : 0.000

Type  : Slow 1200mV 85C Model Setup 'vgapll|altpll_component|auto_generated|pll1|clk[0]'
Slack : 28.470
TNS   : 0.000

Type  : Slow 1200mV 85C Model Hold 'final_project_fpga:final_project_fpga|dataclk'
Slack : 0.454
TNS   : 0.000

Type  : Slow 1200mV 85C Model Hold 'final_project_fpga:final_project_fpga|xclk'
Slack : 0.464
TNS   : 0.000

Type  : Slow 1200mV 85C Model Hold 'clk'
Slack : 0.465
TNS   : 0.000

Type  : Slow 1200mV 85C Model Hold 'vgapll|altpll_component|auto_generated|pll1|clk[0]'
Slack : 0.502
TNS   : 0.000

Type  : Slow 1200mV 85C Model Minimum Pulse Width 'final_project_fpga:final_project_fpga|xclk'
Slack : -3.201
TNS   : -309.941

Type  : Slow 1200mV 85C Model Minimum Pulse Width 'final_project_fpga:final_project_fpga|dataclk'
Slack : -1.487
TNS   : -32.714

Type  : Slow 1200mV 85C Model Minimum Pulse Width 'clk'
Slack : 12.290
TNS   : 0.000

Type  : Slow 1200mV 85C Model Minimum Pulse Width 'vgapll|altpll_component|auto_generated|pll1|clk[0]'
Slack : 19.574
TNS   : 0.000

Type  : Slow 1200mV 0C Model Setup 'final_project_fpga:final_project_fpga|xclk'
Slack : -4.107
TNS   : -291.949

Type  : Slow 1200mV 0C Model Setup 'final_project_fpga:final_project_fpga|dataclk'
Slack : -1.263
TNS   : -22.666

Type  : Slow 1200mV 0C Model Setup 'clk'
Slack : 24.114
TNS   : 0.000

Type  : Slow 1200mV 0C Model Setup 'vgapll|altpll_component|auto_generated|pll1|clk[0]'
Slack : 29.101
TNS   : 0.000

Type  : Slow 1200mV 0C Model Hold 'final_project_fpga:final_project_fpga|dataclk'
Slack : 0.403
TNS   : 0.000

Type  : Slow 1200mV 0C Model Hold 'final_project_fpga:final_project_fpga|xclk'
Slack : 0.416
TNS   : 0.000

Type  : Slow 1200mV 0C Model Hold 'clk'
Slack : 0.417
TNS   : 0.000

Type  : Slow 1200mV 0C Model Hold 'vgapll|altpll_component|auto_generated|pll1|clk[0]'
Slack : 0.471
TNS   : 0.000

Type  : Slow 1200mV 0C Model Minimum Pulse Width 'final_project_fpga:final_project_fpga|xclk'
Slack : -3.201
TNS   : -309.941

Type  : Slow 1200mV 0C Model Minimum Pulse Width 'final_project_fpga:final_project_fpga|dataclk'
Slack : -1.487
TNS   : -32.714

Type  : Slow 1200mV 0C Model Minimum Pulse Width 'clk'
Slack : 12.299
TNS   : 0.000

Type  : Slow 1200mV 0C Model Minimum Pulse Width 'vgapll|altpll_component|auto_generated|pll1|clk[0]'
Slack : 19.571
TNS   : 0.000

Type  : Fast 1200mV 0C Model Setup 'final_project_fpga:final_project_fpga|xclk'
Slack : -1.358
TNS   : -86.192

Type  : Fast 1200mV 0C Model Setup 'final_project_fpga:final_project_fpga|dataclk'
Slack : -0.091
TNS   : -0.346

Type  : Fast 1200mV 0C Model Setup 'clk'
Slack : 24.581
TNS   : 0.000

Type  : Fast 1200mV 0C Model Setup 'vgapll|altpll_component|auto_generated|pll1|clk[0]'
Slack : 34.427
TNS   : 0.000

Type  : Fast 1200mV 0C Model Hold 'final_project_fpga:final_project_fpga|dataclk'
Slack : 0.187
TNS   : 0.000

Type  : Fast 1200mV 0C Model Hold 'final_project_fpga:final_project_fpga|xclk'
Slack : 0.193
TNS   : 0.000

Type  : Fast 1200mV 0C Model Hold 'clk'
Slack : 0.194
TNS   : 0.000

Type  : Fast 1200mV 0C Model Hold 'vgapll|altpll_component|auto_generated|pll1|clk[0]'
Slack : 0.194
TNS   : 0.000

Type  : Fast 1200mV 0C Model Minimum Pulse Width 'final_project_fpga:final_project_fpga|xclk'
Slack : -1.000
TNS   : -107.000

Type  : Fast 1200mV 0C Model Minimum Pulse Width 'final_project_fpga:final_project_fpga|dataclk'
Slack : -1.000
TNS   : -22.000

Type  : Fast 1200mV 0C Model Minimum Pulse Width 'clk'
Slack : 11.938
TNS   : 0.000

Type  : Fast 1200mV 0C Model Minimum Pulse Width 'vgapll|altpll_component|auto_generated|pll1|clk[0]'
Slack : 19.588
TNS   : 0.000

------------------------------------------------------------
